// Jest Snapshot v1, https://goo.gl/fbAQLP

exports[`ReportCollectionItem should render 1`] = `
ShallowWrapper {
  "length": 1,
  Symbol(enzyme.__root__): [Circular],
  Symbol(enzyme.__unrendered__): <CollectionItem
    columns={
      Array [
        Object {
          "key": "lorem",
        },
        Object {
          "key": "ipsum",
        },
      ]
    }
    data={
      Array [
        Object {
          "ipsum": 2,
          "lorem": 1,
        },
        Object {
          "ipsum": 4,
          "lorem": 3,
        },
      ]
    }
    isDisabled={false}
    name="Lorem"
    type=""
  />,
  Symbol(enzyme.__renderer__): Object {
    "batchedUpdates": [Function],
    "getNode": [Function],
    "render": [Function],
    "simulateEvent": [Function],
    "unmount": [Function],
  },
  Symbol(enzyme.__node__): Object {
    "instance": null,
    "key": undefined,
    "nodeType": "host",
    "props": Object {
      "children": "CollectionItem",
      "isDisabled": false,
      "title": "Lorem",
    },
    "ref": null,
    "rendered": "CollectionItem",
    "type": "ReportCollectionPanel",
  },
  Symbol(enzyme.__nodes__): Array [
    Object {
      "instance": null,
      "key": undefined,
      "nodeType": "host",
      "props": Object {
        "children": "CollectionItem",
        "isDisabled": false,
        "title": "Lorem",
      },
      "ref": null,
      "rendered": "CollectionItem",
      "type": "ReportCollectionPanel",
    },
  ],
  Symbol(enzyme.__options__): Object {
    "adapter": ReactSixteenAdapter {
      "options": Object {
        "enableComponentDidUpdateOnSetState": true,
      },
    },
  },
}
`;
