// Jest Snapshot v1, https://goo.gl/fbAQLP

exports[`MePanel should render 1`] = `
ShallowWrapper {
  "length": 1,
  Symbol(enzyme.__root__): [Circular],
  Symbol(enzyme.__unrendered__): <MePanel
    data={
      Object {
        "name": "Lorem Ipsum",
      }
    }
  />,
  Symbol(enzyme.__renderer__): Object {
    "batchedUpdates": [Function],
    "getNode": [Function],
    "render": [Function],
    "simulateEvent": [Function],
    "unmount": [Function],
  },
  Symbol(enzyme.__node__): Object {
    "instance": null,
    "key": undefined,
    "nodeType": "host",
    "props": Object {
      "children": Array [
        <h2
          className="title"
        >
          Lorem Ipsum
        </h2>,
        <button
          onClick={[Function]}
        >
          Log out
        </button>,
      ],
      "className": "root",
    },
    "ref": null,
    "rendered": Array [
      Object {
        "instance": null,
        "key": undefined,
        "nodeType": "host",
        "props": Object {
          "children": "Lorem Ipsum",
          "className": "title",
        },
        "ref": null,
        "rendered": "Lorem Ipsum",
        "type": "h2",
      },
      Object {
        "instance": null,
        "key": undefined,
        "nodeType": "host",
        "props": Object {
          "children": "Log out",
          "onClick": [Function],
        },
        "ref": null,
        "rendered": "Log out",
        "type": "button",
      },
    ],
    "type": "aside",
  },
  Symbol(enzyme.__nodes__): Array [
    Object {
      "instance": null,
      "key": undefined,
      "nodeType": "host",
      "props": Object {
        "children": Array [
          <h2
            className="title"
          >
            Lorem Ipsum
          </h2>,
          <button
            onClick={[Function]}
          >
            Log out
          </button>,
        ],
        "className": "root",
      },
      "ref": null,
      "rendered": Array [
        Object {
          "instance": null,
          "key": undefined,
          "nodeType": "host",
          "props": Object {
            "children": "Lorem Ipsum",
            "className": "title",
          },
          "ref": null,
          "rendered": "Lorem Ipsum",
          "type": "h2",
        },
        Object {
          "instance": null,
          "key": undefined,
          "nodeType": "host",
          "props": Object {
            "children": "Log out",
            "onClick": [Function],
          },
          "ref": null,
          "rendered": "Log out",
          "type": "button",
        },
      ],
      "type": "aside",
    },
  ],
  Symbol(enzyme.__options__): Object {
    "adapter": ReactSixteenAdapter {
      "options": Object {
        "enableComponentDidUpdateOnSetState": true,
      },
    },
  },
}
`;
